SET datestyle TO 'iso, mdy';
CREATE TABLE multifield AS SELECT * FROM so_users ORDER BY id LIMIT 10;
SELECT zdb_define_mapping('multifield', 'display_name', '{
    "type": "string", "analyzer": "phrase",
    "fields": {
        "raw":   { "type": "string", "index": "not_analyzed" }
    }
}');
 zdb_define_mapping 
--------------------
 
(1 row)

CREATE INDEX idxmultifield ON multifield USING zombodb (zdb('multifield', ctid), zdb(multifield)) WITH (url='http://localhost:9200/');
WARNING:  No primary key detected for public.multifield, continuing anyway
SELECT display_name FROM multifield WHERE zdb('multifield', ctid) ==> 'display_name:robert';
  display_name   
-----------------
 Robert Cartaino
(1 row)

SELECT display_name FROM multifield WHERE zdb('multifield', ctid) ==> 'display_name.raw:robert';
 display_name 
--------------
(0 rows)

SELECT display_name FROM multifield WHERE zdb('multifield', ctid) ==> 'display_name.raw:"Robert Cartaino"';
  display_name   
-----------------
 Robert Cartaino
(1 row)

DROP TABLE multifield;
