SELECT * FROM zdb_highlight(
    'so_posts',
    '( title:"* non * programmers" )',
    'id IN (1,4,9)',
    '{"title"}'::TEXT[])
ORDER BY "primaryKey", "fieldName", "arrayIndex", "position";
 primaryKey | fieldName | arrayIndex |    term     |    type    | position | startOffset | endOffset |        clause         
------------+-----------+------------+-------------+------------+----------+-------------+-----------+-----------------------
 4          | title     |          0 | getting     | <ALPHANUM> |        0 |           0 |         7 | title CONTAINS "null"
 4          | title     |          0 | non         | <ALPHANUM> |        1 |           8 |        11 | title CONTAINS "null"
 4          | title     |          0 | programmers | <ALPHANUM> |        2 |          12 |        23 | title CONTAINS "null"
(3 rows)

