ALTER INDEX idxso_posts SET (field_lists='title_and_tags=[title,tags]');
SELECT * FROM zdb_highlight('so_posts', 'title_and_tags:java', 'zdb(''so_posts'', ctid)==>''title_and_tags:java'' ORDER BY id LIMIT 10');
 primaryKey | fieldName | arrayIndex | term |    type    | position | startOffset | endOffset |        clause         
------------+-----------+------------+------+------------+----------+-------------+-----------+-----------------------
 262        | tags      |          0 | java | <ALPHANUM> |        1 |           1 |         5 | tags CONTAINS "java"
 262        | title     |          0 | java | <ALPHANUM> |        2 |           5 |         9 | title CONTAINS "java"
 368        | tags      |          0 | java | <ALPHANUM> |        1 |           1 |         5 | tags CONTAINS "java"
 368        | title     |          0 | java | <ALPHANUM> |        6 |          24 |        28 | title CONTAINS "java"
 4296       | tags      |          0 | java | <ALPHANUM> |        1 |           1 |         5 | tags CONTAINS "java"
 4296       | title     |          0 | java | <ALPHANUM> |       10 |          52 |        56 | title CONTAINS "java"
 4662       | tags      |          0 | java | <ALPHANUM> |        1 |           1 |         5 | tags CONTAINS "java"
 4662       | title     |          0 | java | <ALPHANUM> |        1 |           0 |         4 | title CONTAINS "java"
 5356       | tags      |          0 | java | <ALPHANUM> |        1 |           1 |         5 | tags CONTAINS "java"
 6352       | tags      |          0 | java | <ALPHANUM> |        1 |           1 |         5 | tags CONTAINS "java"
 6352       | title     |          0 | java | <ALPHANUM> |        2 |           3 |         7 | title CONTAINS "java"
 6905       | tags      |          0 | java | <ALPHANUM> |        1 |           1 |         5 | tags CONTAINS "java"
 6905       | title     |          0 | java | <ALPHANUM> |        7 |          36 |        40 | title CONTAINS "java"
 7017       | tags      |          0 | java | <ALPHANUM> |        2 |          11 |        15 | tags CONTAINS "java"
 7539       | tags      |          0 | java | <ALPHANUM> |        1 |           1 |         5 | tags CONTAINS "java"
 7581       | tags      |          0 | java | <ALPHANUM> |        1 |           1 |         5 | tags CONTAINS "java"
 7581       | title     |          0 | java | <ALPHANUM> |        2 |           3 |         7 | title CONTAINS "java"
(17 rows)

